procload: busy [('<foreign app>', 13196, 4.362)]
procload: busy [('<foreign app>', 13196, 4.147)]
procload: busy [('<foreign app>', 13196, 4.494)]
procload: busy [('<foreign app>', 13196, 4.436)]
procload: busy [('<foreign app>', 13196, 4.306)]
procload: busy [('<foreign app>', 13196, 3.969), ('Telegram', 23572, 0.611)]
procload: busy [('<foreign app>', 13196, 4.526)]
procload: busy [('<foreign app>', 13196, 4.136), ('pypy3', 51656, 0.996)]
procload: busy [('<foreign app>', 13196, 4.146), ('pypy3', 51656, 0.998), ('RadeonSoftware', 23108, 0.597)]
procload: busy [('<foreign app>', 13196, 4.25), ('pypy3', 51656, 0.999)]
procload: busy [('<foreign app>', 13196, 4.152), ('pypy3', 51656, 0.998)]
procload: busy [('<foreign app>', 13196, 4.391)]
procload: busy [('<foreign app>', 13196, 4.23)]
procload: busy [('<foreign app>', 13196, 4.43)]
procload: busy [('<foreign app>', 13196, 4.178)]
procload: busy [('<foreign app>', 13196, 3.922)]
procload: busy [('<foreign app>', 13196, 2.418)]
procload: busy [('<foreign app>', 13196, 2.667)]
procload: busy [('<foreign app>', 13196, 2.69)]
procload: busy [('<foreign app>', 13196, 2.654)]
procload: busy [('<foreign app>', 13196, 2.985)]
procload: busy [('<foreign app>', 13196, 3.184)]
procload: busy [('<foreign app>', 13196, 2.621)]
procload: busy [('<foreign app>', 13196, 3.385)]
procload: busy [('<foreign app>', 13196, 3.053)]
procload: busy [('<foreign app>', 13196, 3.191)]
[11:08:26] a process stays busy - not starting
